Depth  Name                                                              #Inst  Area (um^2)
-------------------------------------------------------------------------------------------
0      eyeriss_top                                                       172449 516213.698 
1      {buf_array_inst_genblk1[8].ifmap_fifo_inst}                       4789   17809.764  
1      {buf_array_inst_genblk1[6].ifmap_fifo_inst}                       4736   17779.174  
1      buf_array_inst_ifmap_buffer_inst                                  37679  135907.912 
1      noc_inst                                                          83129  191239.902 
1      {buf_array_inst_genblk1[3].ifmap_fifo_inst}                       4748   17759.49   
1      {buf_array_inst_genblk1[7].ifmap_fifo_inst}                       4775   17827.586  
1      {buf_array_inst_genblk1[4].ifmap_fifo_inst}                       4761   17765.342  
1      {buf_array_inst_genblk1[2].ifmap_fifo_inst}                       4776   17806.04   
2      {noc_inst/pe_array_inst_rows[1].cols[0].internal_rows.pe_inst}    1810   2873.598   
2      {noc_inst/pe_array_inst_rows[4].cols[4].internal_rows.pe_inst}    1867   2925.468   
2      {noc_inst/pe_array_inst_rows[1].cols[2].internal_rows.pe_inst}    1808   2870.406   
2      {noc_inst/pe_array_inst_rows[4].cols[0].internal_rows.pe_inst}    1841   2900.996   
2      {noc_inst/pe_array_inst_rows[4].cols[2].internal_rows.pe_inst}    1798   2947.812   
2      {noc_inst/pe_array_inst_rows[1].cols[5].internal_rows.pe_inst}    1841   2899.4     
2      {noc_inst/pe_array_inst_rows[1].cols[1].internal_rows.pe_inst}    1766   2846.2     
2      {noc_inst/pe_array_inst_rows[2].cols[3].internal_rows.pe_inst}    1799   2878.12    
2      {noc_inst/pe_array_inst_rows[2].cols[4].internal_rows.pe_inst}    1782   2845.402   
2      {noc_inst/pe_array_inst_rows[4].cols[5].internal_rows.pe_inst}    1836   2937.97    
2      {noc_inst/pe_array_inst_rows[0].cols[1].top_row.pe_inst}          1770   2787.946   
2      {noc_inst/pe_array_inst_rows[0].cols[3].top_row.pe_inst}          1826   2782.626   
2      {noc_inst/pe_array_inst_rows[2].cols[0].internal_rows.pe_inst}    1754   2852.318   
2      {noc_inst/pe_array_inst_rows[1].cols[4].internal_rows.pe_inst}    1812   2910.306   
2      {noc_inst/pe_array_inst_rows[3].cols[3].internal_rows.pe_inst}    1781   2883.44    
2      {noc_inst/pe_array_inst_rows[2].cols[2].internal_rows.pe_inst}    1808   2889.292   
2      {noc_inst/pe_array_inst_rows[3].cols[1].internal_rows.pe_inst}    1778   2912.966   
2      {noc_inst/genblk1[2].psum_fifo_inst}                              4544   16996.868  
2      {noc_inst/pe_array_inst_rows[2].cols[5].internal_rows.pe_inst}    1765   2831.57    
2      {noc_inst/pe_array_inst_rows[2].cols[1].internal_rows.pe_inst}    1846   2870.938   
2      {noc_inst/pe_array_inst_rows[3].cols[4].internal_rows.pe_inst}    1774   2883.174   
2      {noc_inst/pe_array_inst_rows[0].cols[2].top_row.pe_inst}          1770   2783.956   
2      {noc_inst/pe_array_inst_rows[3].cols[0].internal_rows.pe_inst}    1787   2893.814   
2      {noc_inst/pe_array_inst_rows[4].cols[1].internal_rows.pe_inst}    1781   2848.328   
2      {noc_inst/pe_array_inst_rows[4].cols[3].internal_rows.pe_inst}    1896   2980.53    
2      {noc_inst/pe_array_inst_rows[1].cols[3].internal_rows.pe_inst}    1803   2844.87    
2      {noc_inst/pe_array_inst_rows[3].cols[2].internal_rows.pe_inst}    1787   2893.282   
2      {noc_inst/genblk1[1].psum_fifo_inst}                              4559   17024.266  
2      {noc_inst/pe_array_inst_rows[3].cols[5].internal_rows.pe_inst}    1834   2925.734   
